<!DOCTYPE html>
<html>
  <head>
    <title>{{.Title}} ChangeLists</title>
    <link rel="shortcut icon" href="/dist/favicon.ico" />
    <script>
      window.GoldSettings = {{.GoldSettings}};
    </script>
  </head>
  <body class="body-sk">
    <gold-scaffold-sk>
      <changelists-page-sk></changelists-page-sk>
    </gold-scaffold-sk>
  </body>
</html>
